// Jest Snapshot v1, https://goo.gl/fbAQLP

exports[`NewInvoice renders the new invoice page 1`] = `
<DocumentFragment>
  <a
    class="btn btn-reverse btn-back"
    href="/"
  >
    <svg
      fill="currentColor"
      height="1em"
      stroke="currentColor"
      stroke-width="0"
      viewBox="0 0 512 512"
      width="1em"
      xmlns="http://www.w3.org/2000/svg"
    >
      <path
        d="M256 504C119 504 8 393 8 256S119 8 256 8s248 111 248 248-111 248-248 248zm28.9-143.6L209.4 288H392c13.3 0 24-10.7 24-24v-16c0-13.3-10.7-24-24-24H209.4l75.5-72.4c9.7-9.3 9.9-24.8.4-34.3l-11-10.9c-9.4-9.4-24.6-9.4-33.9 0L107.7 239c-9.4 9.4-9.4 24.6 0 33.9l132.7 132.7c9.4 9.4 24.6 9.4 33.9 0l11-10.9c9.5-9.5 9.3-25-.4-34.3z"
      />
    </svg>
     Back
  </a>
  <section
    class="heading"
  >
    <h1>
      Create New Invoice
    </h1>
    <p>
      Please fill out the form below
    </p>
  </section>
  <section
    class="form"
  >
    <div
      class="form-group"
    >
      <label
        data-testid="seller-name-label"
        for="name"
      >
        Seller's Name
      </label>
      <input
        class="form-control"
        data-testid="seller-name-input"
        disabled=""
        type="text"
        value=""
      />
    </div>
    <div
      class="form-group"
    >
      <label
        data-testid="seller-email-label"
        for="email"
      >
        Seller's Email
      </label>
      <input
        class="form-control"
        data-testid="seller-email-input"
        disabled=""
        type="text"
        value=""
      />
    </div>
    <form
      data-testid="invoice-form"
    >
      <h3>
        Bill From
      </h3>
      <div
        class="form-group"
      >
        <label
          data-testid="street-address-label"
          for="userAddress"
        >
          Street Address
        </label>
        <input
          data-testid="street-address-input"
          id="userAddress"
          name="userAddress"
          value=""
        />
      </div>
      <div
        class="form-group"
      >
        <label
          data-testid="city-label"
          for="userCity"
        >
          City
        </label>
        <input
          data-testid="city-input"
          id="userCity"
          name="userCity"
          value=""
        />
      </div>
      <div
        class="form-group"
      >
        <label
          data-testid="post-code-label"
          for="userPostCode"
        >
          Post Code
        </label>
        <input
          data-testid="post-code-input"
          id="userPostCode"
          name="userPostCode"
          value=""
        />
      </div>
      <div
        class="form-group"
      >
        <label
          data-testid="country-label"
          for="userCountry"
        >
          Country
        </label>
        <input
          data-testid="country-input"
          id="userCountry"
          name="userCountry"
          value=""
        />
      </div>
      <h3>
        Bill To
      </h3>
      <div
        class="form-group"
      >
        <label
          data-testid="client-name-label"
          for="clientName"
        >
          Client's Name
        </label>
        <input
          data-testid="client-name-input"
          id="clientName"
          name="clientName"
          value=""
        />
      </div>
      <div
        class="form-group"
      >
        <label
          data-testid="client-email-label"
          for="clientEmail"
        >
          Client's Email
        </label>
        <input
          data-testid="client-email-input"
          id="clientEmail"
          name="clientEmail"
          value=""
        />
      </div>
      <div
        class="form-group"
      >
        <label
          data-testid="client-address-label"
          for="clientAddress"
        >
          Street Address
        </label>
        <input
          data-testid="client-address-input"
          id="clientAddress"
          name="clientAddress"
          value=""
        />
      </div>
      <div
        class="form-group"
      >
        <label
          data-testid="client-city-label"
          for="clientCity"
        >
          City
        </label>
        <input
          data-testid="client-city-input"
          id="clientCity"
          name="clientCity"
          value=""
        />
      </div>
      <div
        class="form-group"
      >
        <label
          data-testid="client-post-code-label"
          for="clientPostCode"
        >
          Post Code
        </label>
        <input
          data-testid="client-post-code-input"
          id="clientPostCode"
          name="clientPostCode"
          value=""
        />
      </div>
      <div
        class="form-group"
      >
        <label
          data-testid="client-country-label"
          for="clientCountry"
        >
          Country
        </label>
        <input
          data-testid="client-country-input"
          id="clientCountry"
          name="clientCountry"
          value=""
        />
      </div>
      <div
        class="form-group"
      >
        <label
          data-testid="invoice-date-label"
          for="invoiceDate"
        >
          Invoice Date
        </label>
        <input
          data-testid="invoice-date-input"
          id="invoiceDate"
          name="invoiceDate"
          type="date"
          value=""
        />
      </div>
      <div
        class="form-group"
      >
        <label
          data-testid="payment-terms-label"
          for="paymentTerms"
        >
          Payment Terms
        </label>
        <select
          data-testid="payment-terms-select"
          id="paymentTerms"
          name="paymentTerms"
        >
          <option
            value="Net 1 Day"
          >
            Net 1 Day
          </option>
          <option
            value="Net 7 Days"
          >
            Net 7 Days
          </option>
          <option
            value="Net 14 Days"
          >
            Net 14 Days
          </option>
          <option
            value="Net 30 Days"
          >
            Net 30 Days
          </option>
        </select>
      </div>
      <h3>
        Invoice Summary
      </h3>
      <div
        class="form-group"
      >
        <label
          data-testid="item-name-label"
          for="itemName"
        >
          Item Name
        </label>
        <input
          data-testid="item-name-input"
          id="itemName"
          name="itemName"
          value=""
        />
      </div>
      <div
        class="form-group"
      >
        <label
          data-testid="description-label"
          for="description"
        >
          Description
        </label>
        <textarea
          class="form-control"
          data-testid="description-textarea"
          id="description"
          name="description"
        />
      </div>
      <div
        class="form-group"
      >
        <label
          data-testid="quantity-label"
          for="quantity"
        >
          Quantity
        </label>
        <input
          data-testid="quantity-input"
          id="quantity"
          name="quantity"
          step="1"
          type="number"
          value="0"
        />
      </div>
      <div
        class="form-group"
      >
        <label
          data-testid="price-label"
          for="price"
        >
          Price
        </label>
        <input
          data-testid="price-input"
          id="price"
          name="price"
          value="0"
        />
      </div>
      <div
        class="form-group"
      >
        <button
          class="btn btn-block"
        >
          Submit
        </button>
      </div>
      <div
        class="height"
      />
    </form>
  </section>
</DocumentFragment>
`;
